<html>
<body>
<pre>
<h1>µVision Build Log</h1>
<h2>Project:</h2>
C:\Keil\EE319KwareSpring2018\grader\Lab5_EE319Kassembly\Lab5.uvproj
Project File Date:  03/18/2018

<h2>Output:</h2>
Build target 'Lab5'
assembling main.s...
linking...
.\Lab5.axf: Warning: L6318W: startup.o(RESET) contains branch to a non-code symbol Start.
Program Size: Code=2028 RO-data=0 RW-data=8 ZI-data=1024  
Finished: 0 information, 1 warning and 0 error messages.
".\Lab5.axf" - 0 Error(s), 1 Warning(s).
</pre>
</body>
</html>
or(s), 1 Warning(s).
