<html>
<body>
<pre>
<h1>µVision Build Log</h1>
<h2>Project:</h2>
C:\Keil\EE319KwareSpring2018\lab-5-ryan-and-mats-master\lab-5-ryan-and-mats-master\Lab5.uvproj
Project File Date:  02/27/2018

<h2>Output:</h2>
Build target 'Lab5'
compiling TableTrafficLight.c...
linking...
Program Size: Code=4180 RO-data=15132 RW-data=80 ZI-data=1752  
".\Lab5.axf" - 0 Error(s), 0 Warning(s).
</pre>
</body>
</html>
Error(s), 0 Warning(s).
Load "C:\\Keil\\EE319KwareSpring2018\\lab-5-ryan-and-mats-master\\lab-5-ryan-and-mats-master\\Lab5.axf" 
Connecting: Mode=JTAG, Speed=1000000Hz
Erase Done.
Programming Done.
Verify OK.
ash Download failed  -  Target DLL has been cancelled
Load "C:\\Keil\\EE319KwareSpring2018\\lab-5-ryan-and-mats-master\\lab-5-ryan-and-mats-master\\Lab5.axf" 
Connecting: Mode=JTAG, Speed=1000000Hz
Connection failed!, error code=&d
Error: Flash Download failed  -  Target DLL has been cancelled
Load "C:\\Keil\\EE319KwareSpring2018\\lab-5-ryan-and-mats-master\\lab-5-ryan-and-mats-master\\Lab5.axf" 
Connecting: Mode=JTAG, Speed=1000000Hz
Erase Done.
Programming Done.
Verify OK.
