<html>
<body>
<pre>
<h1>µVision Build Log</h1>
<h2>Project:</h2>
C:\Keil\EE319KwareSpring2018\lab9\Lab9_C++.uvproj
Project File Date:  04/13/2018

<h2>Output:</h2>
Build target 'Lab 9'
compiling main.cpp...
main.cpp(87): warning:  #177-D: variable "string" was declared but never referenced
        char string[8];
main.cpp: 1 warning, 0 errors
linking...
Program Size: Code=6488 RO-data=2776 RW-data=56 ZI-data=1704  
".\Lab9_C++.axf" - 0 Error(s), 1 Warning(s).
Load "C:\\Keil\\EE319KwareSpring2018\\lab9\\Lab9_C++.axf" 
Connecting: Mode=JTAG, Speed=1000000Hz
Erase Done.
Programming Done.
Verify OK.
</pre>
</body>
</html>
