ARM Linker, 5.03 [Build 76] [MDK-ARM Lite]

==============================================================================

Section Cross References

    startup_tm4c123.o(STACK) refers (Special) to heapauxi.o(.text) for __use_two_region_memory
    startup_tm4c123.o(HEAP) refers (Special) to heapauxi.o(.text) for __use_two_region_memory
    startup_tm4c123.o(RESET) refers (Special) to heapauxi.o(.text) for __use_two_region_memory
    startup_tm4c123.o(RESET) refers to startup_tm4c123.o(STACK) for __initial_sp
    startup_tm4c123.o(RESET) refers to startup_tm4c123.o(.text) for Reset_Handler
    startup_tm4c123.o(RESET) refers to main.o(.text) for SysTick_Handler
    startup_tm4c123.o(RESET) refers to uart.o(.text) for UART1_Handler
    startup_tm4c123.o(.text) refers (Special) to heapauxi.o(.text) for __use_two_region_memory
    startup_tm4c123.o(.text) refers to __main.o(!!!main) for __main
    startup_tm4c123.o(.text) refers to startup_tm4c123.o(HEAP) for Heap_Mem
    startup_tm4c123.o(.text) refers to startup_tm4c123.o(STACK) for Stack_Mem
    main.o(.text) refers to startup_tm4c123.o(.text) for DisableInterrupts
    main.o(.text) refers to pll.o(.text) for PLL_Init(unsigned)
    main.o(.text) refers to st7735.o(.text) for ST7735_InitR(initRFlags)
    main.o(.text) refers to slidepot.o(.text) for ADC_Init()
    main.o(.text) refers to uart.o(.text) for UART_Init()
    main.o(.text) refers to main.o(.bss) for my
    main.o(.text) refers to main.o(.data) for TxCounter
    main.o(.ARM.exidx) refers to main.o(.text) for .text
    main.o(.init_array) refers to main.o(.text) for __sti___8_main_cpp
    main.o(.init_array) refers to init_aeabi.o(.text) for __cpp_initialize__aeabi_
    pll.o(.ARM.exidx) refers to pll.o(.text) for .text
    st7735.o(.text) refers to st7735.o(.data) for RowStart
    st7735.o(.text) refers to st7735.o(.constdata) for Bcmd
    st7735.o(.text) refers to st7735.o(.bss) for Message
    st7735.o(.ARM.exidx) refers to st7735.o(.text) for .text
    slidepot.o(.ARM.exidx) refers to slidepot.o(.text) for .text
    fifo.o(.ARM.exidx) refers to fifo.o(.text) for .text
    uart.o(.text) refers to fifo.o(.text) for Queue::Queue()
    uart.o(.text) refers to rt_memcpy_w.o(.text) for __aeabi_memcpy4
    uart.o(.text) refers to uart.o(.data) for count
    uart.o(.text) refers to uart.o(.bss) for RxFifo
    uart.o(.ARM.exidx) refers to uart.o(.text) for .text
    uart.o(.init_array) refers to uart.o(.text) for __sti___8_UART_cpp
    uart.o(.init_array) refers to init_aeabi.o(.text) for __cpp_initialize__aeabi_
    __main.o(!!!main) refers to rtentry.o(.ARM.Collect$$rtentry$$00000000) for __rt_entry
    init_aeabi.o(.emb_text) refers (Special) to libinit2.o(.ARM.Collect$$libinit$$0000002F) for __rt_lib_init_cpp_2
    init_aeabi.o(.init_array) refers (Special) to libinit2.o(.ARM.Collect$$libinit$$0000002F) for __rt_lib_init_cpp_2
    init_aeabi.o(.dummy_text) refers (Special) to libinit2.o(.ARM.Collect$$libinit$$0000002F) for __rt_lib_init_cpp_2
    init_aeabi.o(.text) refers (Special) to libinit2.o(.ARM.Collect$$libinit$$0000002F) for __rt_lib_init_cpp_2
    init_aeabi.o(.ARM.exidx) refers (Special) to libinit2.o(.ARM.Collect$$libinit$$0000002F) for __rt_lib_init_cpp_2
    init_aeabi.o(.ARM.exidx) refers to init_aeabi.o(.text) for .text
    rtentry.o(.ARM.Collect$$rtentry$$00000000) refers (Special) to rtentry2.o(.ARM.Collect$$rtentry$$0000000A) for __rt_entry_li
    rtentry.o(.ARM.Collect$$rtentry$$00000000) refers (Special) to rtentry2.o(.ARM.Collect$$rtentry$$0000000D) for __rt_entry_main
    rtentry.o(.ARM.Collect$$rtentry$$00000000) refers (Special) to rtentry2.o(.ARM.Collect$$rtentry$$0000000C) for __rt_entry_postli_1
    rtentry.o(.ARM.Collect$$rtentry$$00000000) refers (Special) to rtentry2.o(.ARM.Collect$$rtentry$$00000009) for __rt_entry_postsh_1
    rtentry.o(.ARM.Collect$$rtentry$$00000000) refers (Special) to rtentry2.o(.ARM.Collect$$rtentry$$00000002) for __rt_entry_presh_1
    rtentry.o(.ARM.Collect$$rtentry$$00000000) refers (Special) to rtentry4.o(.ARM.Collect$$rtentry$$00000004) for __rt_entry_sh
    libinit2.o(.ARM.Collect$$libinit$$0000000E) refers to libinit2.o(.ARM.Collect$$libinit$$0000000D) for .ARM.Collect$$libinit$$0000000D
    libinit2.o(.ARM.Collect$$libinit$$00000010) refers to libinit2.o(.ARM.Collect$$libinit$$0000000D) for .ARM.Collect$$libinit$$0000000D
    libinit2.o(.ARM.Collect$$libinit$$00000012) refers to libinit2.o(.ARM.Collect$$libinit$$0000000D) for .ARM.Collect$$libinit$$0000000D
    libinit2.o(.ARM.Collect$$libinit$$00000014) refers to libinit2.o(.ARM.Collect$$libinit$$0000000D) for .ARM.Collect$$libinit$$0000000D
    libinit2.o(.ARM.Collect$$libinit$$00000016) refers to libinit2.o(.ARM.Collect$$libinit$$0000000D) for .ARM.Collect$$libinit$$0000000D
    libinit2.o(.ARM.Collect$$libinit$$00000024) refers to argv_veneer.o(.emb_text) for __ARM_argv_veneer
    libinit2.o(.ARM.Collect$$libinit$$00000025) refers to argv_veneer.o(.emb_text) for __ARM_argv_veneer
    libinit2.o(.ARM.Collect$$libinit$$0000002F) refers (Weak) to init_aeabi.o(.text) for __cpp_initialize__aeabi_
    rtentry2.o(.ARM.Collect$$rtentry$$00000008) refers to boardinit2.o(.text) for _platform_post_stackheap_init
    rtentry2.o(.ARM.Collect$$rtentry$$0000000A) refers to libinit.o(.ARM.Collect$$libinit$$00000000) for __rt_lib_init
    rtentry2.o(.ARM.Collect$$rtentry$$0000000B) refers to boardinit3.o(.text) for _platform_post_lib_init
    rtentry2.o(.ARM.Collect$$rtentry$$0000000D) refers to main.o(.text) for main
    rtentry2.o(.ARM.Collect$$rtentry$$0000000D) refers to exit.o(.text) for exit
    rtentry2.o(.ARM.exidx) refers to rtentry2.o(.ARM.Collect$$rtentry$$00000001) for .ARM.Collect$$rtentry$$00000001
    rtentry2.o(.ARM.exidx) refers to rtentry2.o(.ARM.Collect$$rtentry$$00000008) for .ARM.Collect$$rtentry$$00000008
    rtentry2.o(.ARM.exidx) refers to rtentry2.o(.ARM.Collect$$rtentry$$0000000A) for .ARM.Collect$$rtentry$$0000000A
    rtentry2.o(.ARM.exidx) refers to rtentry2.o(.ARM.Collect$$rtentry$$0000000B) for .ARM.Collect$$rtentry$$0000000B
    rtentry2.o(.ARM.exidx) refers to rtentry2.o(.ARM.Collect$$rtentry$$0000000D) for .ARM.Collect$$rtentry$$0000000D
    rtentry4.o(.ARM.Collect$$rtentry$$00000004) refers to sys_stackheap_outer.o(.text) for __user_setup_stackheap
    rtentry4.o(.ARM.exidx) refers to rtentry4.o(.ARM.Collect$$rtentry$$00000004) for .ARM.Collect$$rtentry$$00000004
    argv_veneer.o(.emb_text) refers to no_argv.o(.text) for __ARM_get_argv
    sys_stackheap_outer.o(.text) refers to libspace.o(.text) for __user_perproc_libspace
    sys_stackheap_outer.o(.text) refers to startup_tm4c123.o(.text) for __user_initial_stackheap
    exit.o(.text) refers to rtexit.o(.ARM.Collect$$rtexit$$00000000) for __rt_exit
    _get_argv_nomalloc.o(.text) refers (Special) to hrguard.o(.text) for __heap_region$guard
    _get_argv_nomalloc.o(.text) refers to defsig_rtmem_outer.o(.text) for __rt_SIGRTMEM
    _get_argv_nomalloc.o(.text) refers to sys_command.o(.text) for _sys_command_string
    libinit.o(.ARM.Collect$$libinit$$00000000) refers (Special) to libinit2.o(.ARM.Collect$$libinit$$0000002C) for __rt_lib_init_alloca_1
    libinit.o(.ARM.Collect$$libinit$$00000000) refers (Special) to libinit2.o(.ARM.Collect$$libinit$$0000002A) for __rt_lib_init_argv_1
    libinit.o(.ARM.Collect$$libinit$$00000000) refers (Special) to libinit2.o(.ARM.Collect$$libinit$$00000019) for __rt_lib_init_atexit_1
    libinit.o(.ARM.Collect$$libinit$$00000000) refers (Special) to libinit2.o(.ARM.Collect$$libinit$$0000001F) for __rt_lib_init_clock_1
    libinit.o(.ARM.Collect$$libinit$$00000000) refers (Special) to libinit2.o(.ARM.Collect$$libinit$$00000030) for __rt_lib_init_cpp_1
    libinit.o(.ARM.Collect$$libinit$$00000000) refers (Special) to libinit2.o(.ARM.Collect$$libinit$$0000002E) for __rt_lib_init_exceptions_1
    libinit.o(.ARM.Collect$$libinit$$00000000) refers (Special) to libinit2.o(.ARM.Collect$$libinit$$00000002) for __rt_lib_init_fp_1
    libinit.o(.ARM.Collect$$libinit$$00000000) refers (Special) to libinit2.o(.ARM.Collect$$libinit$$0000001D) for __rt_lib_init_fp_trap_1
    libinit.o(.ARM.Collect$$libinit$$00000000) refers (Special) to libinit2.o(.ARM.Collect$$libinit$$00000021) for __rt_lib_init_getenv_1
    libinit.o(.ARM.Collect$$libinit$$00000000) refers (Special) to libinit2.o(.ARM.Collect$$libinit$$00000008) for __rt_lib_init_heap_1
    libinit.o(.ARM.Collect$$libinit$$00000000) refers (Special) to libinit2.o(.ARM.Collect$$libinit$$0000000F) for __rt_lib_init_lc_collate_1
    libinit.o(.ARM.Collect$$libinit$$00000000) refers (Special) to libinit2.o(.ARM.Collect$$libinit$$00000011) for __rt_lib_init_lc_ctype_1
    libinit.o(.ARM.Collect$$libinit$$00000000) refers (Special) to libinit2.o(.ARM.Collect$$libinit$$00000013) for __rt_lib_init_lc_monetary_1
    libinit.o(.ARM.Collect$$libinit$$00000000) refers (Special) to libinit2.o(.ARM.Collect$$libinit$$00000015) for __rt_lib_init_lc_numeric_1
    libinit.o(.ARM.Collect$$libinit$$00000000) refers (Special) to libinit2.o(.ARM.Collect$$libinit$$00000017) for __rt_lib_init_lc_time_1
    libinit.o(.ARM.Collect$$libinit$$00000000) refers (Special) to libinit2.o(.ARM.Collect$$libinit$$0000000C) for __rt_lib_init_rand_1
    libinit.o(.ARM.Collect$$libinit$$00000000) refers (Special) to libinit2.o(.ARM.Collect$$libinit$$00000031) for __rt_lib_init_return
    libinit.o(.ARM.Collect$$libinit$$00000000) refers (Special) to libinit2.o(.ARM.Collect$$libinit$$0000001B) for __rt_lib_init_signal_1
    libinit.o(.ARM.Collect$$libinit$$00000000) refers (Special) to libinit2.o(.ARM.Collect$$libinit$$00000023) for __rt_lib_init_stdio_1
    libinit.o(.ARM.Collect$$libinit$$00000000) refers (Special) to libinit2.o(.ARM.Collect$$libinit$$0000000A) for __rt_lib_init_user_alloc_1
    sys_command.o(.text) refers (Special) to use_no_semi.o(.text) for __I$use$semihosting
    sys_command.o(.text) refers (Special) to indicate_semi.o(.text) for __semihosting_library_function
    libspace.o(.text) refers to libspace.o(.bss) for __libspace_start
    rtexit.o(.ARM.Collect$$rtexit$$00000000) refers (Special) to rtexit2.o(.ARM.Collect$$rtexit$$00000004) for __rt_exit_exit
    rtexit.o(.ARM.Collect$$rtexit$$00000000) refers (Special) to rtexit2.o(.ARM.Collect$$rtexit$$00000003) for __rt_exit_ls
    rtexit.o(.ARM.Collect$$rtexit$$00000000) refers (Special) to rtexit2.o(.ARM.Collect$$rtexit$$00000002) for __rt_exit_prels_1
    rtexit.o(.ARM.exidx) refers (Special) to rtexit2.o(.ARM.Collect$$rtexit$$00000004) for __rt_exit_exit
    rtexit.o(.ARM.exidx) refers (Special) to rtexit2.o(.ARM.Collect$$rtexit$$00000003) for __rt_exit_ls
    rtexit.o(.ARM.exidx) refers (Special) to rtexit2.o(.ARM.Collect$$rtexit$$00000002) for __rt_exit_prels_1
    rtexit.o(.ARM.exidx) refers to rtexit.o(.ARM.Collect$$rtexit$$00000000) for .ARM.Collect$$rtexit$$00000000
    defsig_rtmem_outer.o(.text) refers to defsig_rtmem_inner.o(.text) for __rt_SIGRTMEM_inner
    defsig_rtmem_outer.o(.text) refers to defsig_exit.o(.text) for __sig_exit
    defsig_rtmem_formal.o(.text) refers to rt_raise.o(.text) for __rt_raise
    rtexit2.o(.ARM.Collect$$rtexit$$00000003) refers to libshutdown.o(.ARM.Collect$$libshutdown$$00000000) for __rt_lib_shutdown
    rtexit2.o(.ARM.Collect$$rtexit$$00000004) refers to sys_exit.o(.text) for _sys_exit
    rtexit2.o(.ARM.exidx) refers to rtexit2.o(.ARM.Collect$$rtexit$$00000001) for .ARM.Collect$$rtexit$$00000001
    rtexit2.o(.ARM.exidx) refers to rtexit2.o(.ARM.Collect$$rtexit$$00000003) for .ARM.Collect$$rtexit$$00000003
    rtexit2.o(.ARM.exidx) refers to rtexit2.o(.ARM.Collect$$rtexit$$00000004) for .ARM.Collect$$rtexit$$00000004
    rt_raise.o(.text) refers to __raise.o(.text) for __raise
    rt_raise.o(.text) refers to sys_exit.o(.text) for _sys_exit
    defsig_exit.o(.text) refers to sys_exit.o(.text) for _sys_exit
    defsig_rtmem_inner.o(.text) refers to defsig_general.o(.text) for __default_signal_display
    sys_exit.o(.text) refers (Special) to use_no_semi.o(.text) for __I$use$semihosting
    sys_exit.o(.text) refers (Special) to indicate_semi.o(.text) for __semihosting_library_function
    __raise.o(.text) refers to defsig.o(CL$$defsig) for __default_signal_handler
    defsig_general.o(.text) refers to sys_wrch.o(.text) for _ttywrch
    libshutdown.o(.ARM.Collect$$libshutdown$$00000000) refers (Special) to libshutdown2.o(.ARM.Collect$$libshutdown$$00000006) for __rt_lib_shutdown_fp_trap_1
    libshutdown.o(.ARM.Collect$$libshutdown$$00000000) refers (Special) to libshutdown2.o(.ARM.Collect$$libshutdown$$0000000E) for __rt_lib_shutdown_heap_1
    libshutdown.o(.ARM.Collect$$libshutdown$$00000000) refers (Special) to libshutdown2.o(.ARM.Collect$$libshutdown$$0000000F) for __rt_lib_shutdown_return
    libshutdown.o(.ARM.Collect$$libshutdown$$00000000) refers (Special) to libshutdown2.o(.ARM.Collect$$libshutdown$$00000009) for __rt_lib_shutdown_signal_1
    libshutdown.o(.ARM.Collect$$libshutdown$$00000000) refers (Special) to libshutdown2.o(.ARM.Collect$$libshutdown$$00000003) for __rt_lib_shutdown_stdio_1
    libshutdown.o(.ARM.Collect$$libshutdown$$00000000) refers (Special) to libshutdown2.o(.ARM.Collect$$libshutdown$$0000000B) for __rt_lib_shutdown_user_alloc_1
    sys_wrch.o(.text) refers (Special) to use_no_semi.o(.text) for __I$use$semihosting
    sys_wrch.o(.text) refers (Special) to indicate_semi.o(.text) for __semihosting_library_function
    defsig.o(CL$$defsig) refers to defsig_rtmem_inner.o(.text) for __rt_SIGRTMEM_inner
    defsig_abrt_inner.o(.text) refers to defsig_general.o(.text) for __default_signal_display
    defsig_fpe_inner.o(.text) refers to defsig_general.o(.text) for __default_signal_display
    defsig_rtred_inner.o(.text) refers to defsig_general.o(.text) for __default_signal_display
    defsig_stak_inner.o(.text) refers to defsig_general.o(.text) for __default_signal_display
    defsig_pvfn_inner.o(.text) refers to defsig_general.o(.text) for __default_signal_display
    defsig_cppl_inner.o(.text) refers to defsig_general.o(.text) for __default_signal_display
    defsig_segv_inner.o(.text) refers to defsig_general.o(.text) for __default_signal_display
    defsig_other.o(.text) refers to defsig_general.o(.text) for __default_signal_display


==============================================================================

Removing Unused input sections from the image.

    Removing main.o(.ARM.exidx), (8 bytes).
    Removing pll.o(.ARM.exidx), (8 bytes).
    Removing st7735.o(.ARM.exidx), (8 bytes).
    Removing slidepot.o(.ARM.exidx), (8 bytes).
    Removing print.o(.text), (4 bytes).
    Removing fifo.o(.ARM.exidx), (8 bytes).
    Removing uart.o(.ARM.exidx), (8 bytes).

7 unused section(s) (total 52 bytes) removed from the image.

==============================================================================

Image Symbol Table

    Local Symbols

    Symbol Name                              Value     Ov Type        Size  Object(Section)

    RESET                                    0x00000000   Section      620  startup_tm4c123.o(RESET)
    ../clib/angel/boardlib.s                 0x00000000   Number         0  boardinit3.o ABSOLUTE
    ../clib/angel/boardlib.s                 0x00000000   Number         0  boardinit1.o ABSOLUTE
    ../clib/angel/boardlib.s                 0x00000000   Number         0  boardinit2.o ABSOLUTE
    ../clib/angel/boardlib.s                 0x00000000   Number         0  boardshut.o ABSOLUTE
    ../clib/angel/handlers.s                 0x00000000   Number         0  __scatter_zi.o ABSOLUTE
    ../clib/angel/handlers.s                 0x00000000   Number         0  __scatter_copy.o ABSOLUTE
    ../clib/angel/kernel.s                   0x00000000   Number         0  rtexit2.o ABSOLUTE
    ../clib/angel/kernel.s                   0x00000000   Number         0  rtentry4.o ABSOLUTE
    ../clib/angel/kernel.s                   0x00000000   Number         0  rtexit.o ABSOLUTE
    ../clib/angel/kernel.s                   0x00000000   Number         0  rtentry2.o ABSOLUTE
    ../clib/angel/kernel.s                   0x00000000   Number         0  rtentry.o ABSOLUTE
    ../clib/angel/rt.s                       0x00000000   Number         0  rt_raise.o ABSOLUTE
    ../clib/angel/scatter.s                  0x00000000   Number         0  __scatter.o ABSOLUTE
    ../clib/angel/startup.s                  0x00000000   Number         0  __main.o ABSOLUTE
    ../clib/angel/sys.s                      0x00000000   Number         0  sys_stackheap_outer.o ABSOLUTE
    ../clib/angel/sys.s                      0x00000000   Number         0  indicate_semi.o ABSOLUTE
    ../clib/angel/sys.s                      0x00000000   Number         0  use_no_semi.o ABSOLUTE
    ../clib/angel/sys.s                      0x00000000   Number         0  libspace.o ABSOLUTE
    ../clib/angel/sysapp.c                   0x00000000   Number         0  sys_command.o ABSOLUTE
    ../clib/angel/sysapp.c                   0x00000000   Number         0  sys_wrch.o ABSOLUTE
    ../clib/angel/sysapp.c                   0x00000000   Number         0  sys_exit.o ABSOLUTE
    ../clib/arm_runtime.c                    0x00000000   Number         0  init_aeabi.o ABSOLUTE
    ../clib/arm_runtime.c                    0x00000000   Number         0  init_aeabi.o ABSOLUTE
    ../clib/armsys.c                         0x00000000   Number         0  argv_veneer.o ABSOLUTE
    ../clib/armsys.c                         0x00000000   Number         0  no_argv.o ABSOLUTE
    ../clib/armsys.c                         0x00000000   Number         0  _get_argv_nomalloc.o ABSOLUTE
    ../clib/armsys.c                         0x00000000   Number         0  argv_veneer.o ABSOLUTE
    ../clib/heapalloc.c                      0x00000000   Number         0  hrguard.o ABSOLUTE
    ../clib/heapaux.c                        0x00000000   Number         0  heapauxi.o ABSOLUTE
    ../clib/libinit.s                        0x00000000   Number         0  libshutdown2.o ABSOLUTE
    ../clib/libinit.s                        0x00000000   Number         0  libinit.o ABSOLUTE
    ../clib/libinit.s                        0x00000000   Number         0  libshutdown.o ABSOLUTE
    ../clib/libinit.s                        0x00000000   Number         0  libinit2.o ABSOLUTE
    ../clib/memcpset.s                       0x00000000   Number         0  rt_memcpy_w.o ABSOLUTE
    ../clib/signal.c                         0x00000000   Number         0  defsig_rtmem_inner.o ABSOLUTE
    ../clib/signal.c                         0x00000000   Number         0  defsig_exit.o ABSOLUTE
    ../clib/signal.c                         0x00000000   Number         0  defsig_rtmem_formal.o ABSOLUTE
    ../clib/signal.c                         0x00000000   Number         0  defsig_rtmem_outer.o ABSOLUTE
    ../clib/signal.c                         0x00000000   Number         0  defsig_fpe_inner.o ABSOLUTE
    ../clib/signal.c                         0x00000000   Number         0  defsig_other.o ABSOLUTE
    ../clib/signal.c                         0x00000000   Number         0  defsig_segv_inner.o ABSOLUTE
    ../clib/signal.c                         0x00000000   Number         0  defsig_cppl_inner.o ABSOLUTE
    ../clib/signal.c                         0x00000000   Number         0  defsig_pvfn_inner.o ABSOLUTE
    ../clib/signal.c                         0x00000000   Number         0  defsig_stak_inner.o ABSOLUTE
    ../clib/signal.c                         0x00000000   Number         0  defsig_rtred_inner.o ABSOLUTE
    ../clib/signal.c                         0x00000000   Number         0  defsig_abrt_inner.o ABSOLUTE
    ../clib/signal.c                         0x00000000   Number         0  defsig_general.o ABSOLUTE
    ../clib/signal.c                         0x00000000   Number         0  __raise.o ABSOLUTE
    ../clib/signal.s                         0x00000000   Number         0  defsig.o ABSOLUTE
    ../clib/stdlib.c                         0x00000000   Number         0  exit.o ABSOLUTE
    ../fplib/fpinit.s                        0x00000000   Number         0  fpinit.o ABSOLUTE
    FIFO.cpp                                 0x00000000   Number         0  fifo.o ABSOLUTE
    PLL.cpp                                  0x00000000   Number         0  pll.o ABSOLUTE
    ST7735.cpp                               0x00000000   Number         0  st7735.o ABSOLUTE
    SlidePot.cpp                             0x00000000   Number         0  slidepot.o ABSOLUTE
    UART.cpp                                 0x00000000   Number         0  uart.o ABSOLUTE
    dc.s                                     0x00000000   Number         0  dc.o ABSOLUTE
    main.cpp                                 0x00000000   Number         0  main.o ABSOLUTE
    print.s                                  0x00000000   Number         0  print.o ABSOLUTE
    startup_TM4C123.s                        0x00000000   Number         0  startup_tm4c123.o ABSOLUTE
    !!!main                                  0x0000026c   Section        8  __main.o(!!!main)
    !!!scatter                               0x00000274   Section       52  __scatter.o(!!!scatter)
    !!handler_copy                           0x000002a8   Section       26  __scatter_copy.o(!!handler_copy)
    !!handler_zi                             0x000002c4   Section       28  __scatter_zi.o(!!handler_zi)
    .ARM.Collect$$libinit$$00000000          0x000002e0   Section        2  libinit.o(.ARM.Collect$$libinit$$00000000)
    .ARM.Collect$$libinit$$00000002          0x000002e2   Section        0  libinit2.o(.ARM.Collect$$libinit$$00000002)
    .ARM.Collect$$libinit$$00000008          0x000002e2   Section        0  libinit2.o(.ARM.Collect$$libinit$$00000008)
    .ARM.Collect$$libinit$$0000000A          0x000002e2   Section        0  libinit2.o(.ARM.Collect$$libinit$$0000000A)
    .ARM.Collect$$libinit$$0000000C          0x000002e2   Section        0  libinit2.o(.ARM.Collect$$libinit$$0000000C)
    .ARM.Collect$$libinit$$0000000F          0x000002e2   Section        0  libinit2.o(.ARM.Collect$$libinit$$0000000F)
    .ARM.Collect$$libinit$$00000011          0x000002e2   Section        0  libinit2.o(.ARM.Collect$$libinit$$00000011)
    .ARM.Collect$$libinit$$00000013          0x000002e2   Section        0  libinit2.o(.ARM.Collect$$libinit$$00000013)
    .ARM.Collect$$libinit$$00000015          0x000002e2   Section        0  libinit2.o(.ARM.Collect$$libinit$$00000015)
    .ARM.Collect$$libinit$$00000017          0x000002e2   Section        0  libinit2.o(.ARM.Collect$$libinit$$00000017)
    .ARM.Collect$$libinit$$00000019          0x000002e2   Section        0  libinit2.o(.ARM.Collect$$libinit$$00000019)
    .ARM.Collect$$libinit$$0000001B          0x000002e2   Section        0  libinit2.o(.ARM.Collect$$libinit$$0000001B)
    .ARM.Collect$$libinit$$0000001D          0x000002e2   Section        0  libinit2.o(.ARM.Collect$$libinit$$0000001D)
    .ARM.Collect$$libinit$$0000001F          0x000002e2   Section        0  libinit2.o(.ARM.Collect$$libinit$$0000001F)
    .ARM.Collect$$libinit$$00000021          0x000002e2   Section        0  libinit2.o(.ARM.Collect$$libinit$$00000021)
    .ARM.Collect$$libinit$$00000023          0x000002e2   Section        0  libinit2.o(.ARM.Collect$$libinit$$00000023)
    .ARM.Collect$$libinit$$0000002A          0x000002e2   Section        0  libinit2.o(.ARM.Collect$$libinit$$0000002A)
    .ARM.Collect$$libinit$$0000002C          0x000002e2   Section        0  libinit2.o(.ARM.Collect$$libinit$$0000002C)
    .ARM.Collect$$libinit$$0000002E          0x000002e2   Section        0  libinit2.o(.ARM.Collect$$libinit$$0000002E)
    .ARM.Collect$$libinit$$0000002F          0x000002e2   Section        4  libinit2.o(.ARM.Collect$$libinit$$0000002F)
    .ARM.Collect$$libinit$$00000030          0x000002e6   Section        0  libinit2.o(.ARM.Collect$$libinit$$00000030)
    .ARM.Collect$$libinit$$00000031          0x000002e6   Section        2  libinit2.o(.ARM.Collect$$libinit$$00000031)
    .ARM.Collect$$libshutdown$$00000000      0x000002e8   Section        2  libshutdown.o(.ARM.Collect$$libshutdown$$00000000)
    .ARM.Collect$$libshutdown$$00000003      0x000002ea   Section        0  libshutdown2.o(.ARM.Collect$$libshutdown$$00000003)
    .ARM.Collect$$libshutdown$$00000006      0x000002ea   Section        0  libshutdown2.o(.ARM.Collect$$libshutdown$$00000006)
    .ARM.Collect$$libshutdown$$00000009      0x000002ea   Section        0  libshutdown2.o(.ARM.Collect$$libshutdown$$00000009)
    .ARM.Collect$$libshutdown$$0000000B      0x000002ea   Section        0  libshutdown2.o(.ARM.Collect$$libshutdown$$0000000B)
    .ARM.Collect$$libshutdown$$0000000E      0x000002ea   Section        0  libshutdown2.o(.ARM.Collect$$libshutdown$$0000000E)
    .ARM.Collect$$libshutdown$$0000000F      0x000002ea   Section        2  libshutdown2.o(.ARM.Collect$$libshutdown$$0000000F)
    .ARM.Collect$$rtentry$$00000000          0x000002ec   Section        0  rtentry.o(.ARM.Collect$$rtentry$$00000000)
    .ARM.Collect$$rtentry$$00000002          0x000002ec   Section        0  rtentry2.o(.ARM.Collect$$rtentry$$00000002)
    .ARM.Collect$$rtentry$$00000004          0x000002ec   Section        6  rtentry4.o(.ARM.Collect$$rtentry$$00000004)
    .ARM.Collect$$rtentry$$00000009          0x000002f2   Section        0  rtentry2.o(.ARM.Collect$$rtentry$$00000009)
    .ARM.Collect$$rtentry$$0000000A          0x000002f2   Section        4  rtentry2.o(.ARM.Collect$$rtentry$$0000000A)
    .ARM.Collect$$rtentry$$0000000C          0x000002f6   Section        0  rtentry2.o(.ARM.Collect$$rtentry$$0000000C)
    .ARM.Collect$$rtentry$$0000000D          0x000002f6   Section        8  rtentry2.o(.ARM.Collect$$rtentry$$0000000D)
    .ARM.Collect$$rtexit$$00000000           0x000002fe   Section        2  rtexit.o(.ARM.Collect$$rtexit$$00000000)
    .ARM.Collect$$rtexit$$00000002           0x00000300   Section        0  rtexit2.o(.ARM.Collect$$rtexit$$00000002)
    .ARM.Collect$$rtexit$$00000003           0x00000300   Section        4  rtexit2.o(.ARM.Collect$$rtexit$$00000003)
    .ARM.Collect$$rtexit$$00000004           0x00000304   Section        6  rtexit2.o(.ARM.Collect$$rtexit$$00000004)
    .text                                    0x0000030c   Section      296  startup_tm4c123.o(.text)
    .text                                    0x00000434   Section        0  main.o(.text)
    __sti___8_main_cpp                       0x0000058f   Thumb Code    16  main.o(.text)
    .text                                    0x000005c4   Section        0  pll.o(.text)
    .text                                    0x00000640   Section        0  st7735.o(.text)
    writecommand(unsigned char)              0x00000641   Thumb Code    46  st7735.o(.text)
    writedata(unsigned char)                 0x0000066f   Thumb Code    24  st7735.o(.text)
    deselect()                               0x00000687   Thumb Code    24  st7735.o(.text)
    commandList(const unsigned char*)        0x000006bf   Thumb Code    86  st7735.o(.text)
    commonInit(const unsigned char*)         0x00000715   Thumb Code   340  st7735.o(.text)
    setAddrWindow(unsigned char, unsigned char, unsigned char, unsigned char) 0x00000869   Thumb Code   106  st7735.o(.text)
    pushColor(unsigned short)                0x00000a89   Thumb Code    18  st7735.o(.text)
    .text                                    0x000016e0   Section        0  slidepot.o(.text)
    .text                                    0x0000184c   Section        0  fifo.o(.text)
    .text                                    0x000018e4   Section        0  uart.o(.text)
    __sti___8_UART_cpp                       0x00001a99   Thumb Code    10  uart.o(.text)
    .text                                    0x00001ac4   Section      100  rt_memcpy_w.o(.text)
    .text                                    0x00001b28   Section        0  heapauxi.o(.text)
    .text                                    0x00001b30   Section        0  init_aeabi.o(.text)
    .text                                    0x00001b54   Section       74  sys_stackheap_outer.o(.text)
    .text                                    0x00001b9e   Section        0  exit.o(.text)
    .text                                    0x00001bac   Section        8  libspace.o(.text)
    .text                                    0x00001bb4   Section        2  use_no_semi.o(.text)
    .text                                    0x00001bb6   Section        0  indicate_semi.o(.text)
    .text                                    0x00001bb8   Section        0  sys_exit.o(.text)
    .constdata                               0x00001bc4   Section     2114  st7735.o(.constdata)
    Font                                     0x00001bc4   Data        1275  st7735.o(.constdata)
    Bcmd                                     0x000020bf   Data         103  st7735.o(.constdata)
    Rcmd1                                    0x00002126   Data          59  st7735.o(.constdata)
    Rcmd2green                               0x00002161   Data          13  st7735.o(.constdata)
    Rcmd2red                                 0x0000216e   Data          13  st7735.o(.constdata)
    Rcmd3                                    0x0000217b   Data          43  st7735.o(.constdata)
    smallCircle                              0x000021a6   Data          36  st7735.o(.constdata)
    circle                                   0x000021ca   Data          60  st7735.o(.constdata)
    dBfs                                     0x00002206   Data         512  st7735.o(.constdata)
    .init_array                              0x00002428   Section        4  main.o(.init_array)
    .init_array                              0x0000242c   Section        4  uart.o(.init_array)
    .data                                    0x20000000   Section        4  main.o(.data)
    .data                                    0x20000004   Section       44  st7735.o(.data)
    _width                                   0x2000000e   Data           2  st7735.o(.data)
    _height                                  0x20000010   Data           2  st7735.o(.data)
    ColStart                                 0x20000018   Data           1  st7735.o(.data)
    RowStart                                 0x20000019   Data           1  st7735.o(.data)
    Rotation                                 0x2000001a   Data           1  st7735.o(.data)
    TabColor                                 0x2000001b   Data           1  st7735.o(.data)
    .data                                    0x20000030   Section        8  uart.o(.data)
    .bss                                     0x20000038   Section       20  main.o(.bss)
    .bss                                     0x2000004c   Section       12  st7735.o(.bss)
    .bss                                     0x20000058   Section       40  uart.o(.bss)
    .bss                                     0x20000080   Section       96  libspace.o(.bss)
    HEAP                                     0x200000e0   Section      512  startup_tm4c123.o(HEAP)
    Heap_Mem                                 0x200000e0   Data         512  startup_tm4c123.o(HEAP)
    STACK                                    0x200002e0   Section     1024  startup_tm4c123.o(STACK)
    Stack_Mem                                0x200002e0   Data        1024  startup_tm4c123.o(STACK)
    __initial_sp                             0x200006e0   Data           0  startup_tm4c123.o(STACK)

    Global Symbols

    Symbol Name                              Value     Ov Type        Size  Object(Section)

    BuildAttributes$$THM_ISAv4$E$P$D$K$B$S$7EM$PE$A:L22UL41UL21$X:L11$S22US41US21$IEEE1$IW$USESV6$~STKCKD$USESV7$~SHL$OSPACE$ROPI$EBA8$UX$STANDARDLIB$REQ8$PRES8$EABIv2 0x00000000   Number         0  anon$$obj.o ABSOLUTE
    __ARM_use_no_argv                        0x00000000   Number         0  main.o ABSOLUTE
    __Vectors                                0x00000000   Data           4  startup_tm4c123.o(RESET)
    __ARM_exceptions_init                     - Undefined Weak Reference
    __alloca_initialize                       - Undefined Weak Reference
    __cxa_finalize                            - Undefined Weak Reference
    __rt_locale                               - Undefined Weak Reference
    __sigvec_lookup                           - Undefined Weak Reference
    _atexit_init                              - Undefined Weak Reference
    _call_atexit_fns                          - Undefined Weak Reference
    _clock_init                               - Undefined Weak Reference
    _fp_trap_init                             - Undefined Weak Reference
    _fp_trap_shutdown                         - Undefined Weak Reference
    _get_lc_collate                           - Undefined Weak Reference
    _get_lc_ctype                             - Undefined Weak Reference
    _get_lc_monetary                          - Undefined Weak Reference
    _get_lc_numeric                           - Undefined Weak Reference
    _get_lc_time                              - Undefined Weak Reference
    _getenv_init                              - Undefined Weak Reference
    _handle_redirection                       - Undefined Weak Reference
    _init_alloc                               - Undefined Weak Reference
    _init_user_alloc                          - Undefined Weak Reference
    _initio                                   - Undefined Weak Reference
    _rand_init                                - Undefined Weak Reference
    _signal_finish                            - Undefined Weak Reference
    _signal_init                              - Undefined Weak Reference
    _terminate_alloc                          - Undefined Weak Reference
    _terminate_user_alloc                     - Undefined Weak Reference
    _terminateio                              - Undefined Weak Reference
    __Vectors_End                            0x0000026c   Data           0  startup_tm4c123.o(RESET)
    __Vectors_Size                           0x0000026c   Number         0  startup_tm4c123.o ABSOLUTE
    __main                                   0x0000026d   Thumb Code     8  __main.o(!!!main)
    __scatterload                            0x00000275   Thumb Code     0  __scatter.o(!!!scatter)
    __scatterload_rt2                        0x00000275   Thumb Code    44  __scatter.o(!!!scatter)
    __scatterload_rt2_thumb_only             0x00000275   Thumb Code     0  __scatter.o(!!!scatter)
    __scatterload_null                       0x00000283   Thumb Code     0  __scatter.o(!!!scatter)
    __scatterload_copy                       0x000002a9   Thumb Code    26  __scatter_copy.o(!!handler_copy)
    __scatterload_zeroinit                   0x000002c5   Thumb Code    28  __scatter_zi.o(!!handler_zi)
    __rt_lib_init                            0x000002e1   Thumb Code     0  libinit.o(.ARM.Collect$$libinit$$00000000)
    __rt_lib_init_alloca_1                   0x000002e3   Thumb Code     0  libinit2.o(.ARM.Collect$$libinit$$0000002C)
    __rt_lib_init_argv_1                     0x000002e3   Thumb Code     0  libinit2.o(.ARM.Collect$$libinit$$0000002A)
    __rt_lib_init_atexit_1                   0x000002e3   Thumb Code     0  libinit2.o(.ARM.Collect$$libinit$$00000019)
    __rt_lib_init_clock_1                    0x000002e3   Thumb Code     0  libinit2.o(.ARM.Collect$$libinit$$0000001F)
    __rt_lib_init_cpp_2                      0x000002e3   Thumb Code     0  libinit2.o(.ARM.Collect$$libinit$$0000002F)
    __rt_lib_init_exceptions_1               0x000002e3   Thumb Code     0  libinit2.o(.ARM.Collect$$libinit$$0000002E)
    __rt_lib_init_fp_1                       0x000002e3   Thumb Code     0  libinit2.o(.ARM.Collect$$libinit$$00000002)
    __rt_lib_init_fp_trap_1                  0x000002e3   Thumb Code     0  libinit2.o(.ARM.Collect$$libinit$$0000001D)
    __rt_lib_init_getenv_1                   0x000002e3   Thumb Code     0  libinit2.o(.ARM.Collect$$libinit$$00000021)
    __rt_lib_init_heap_1                     0x000002e3   Thumb Code     0  libinit2.o(.ARM.Collect$$libinit$$00000008)
    __rt_lib_init_lc_collate_1               0x000002e3   Thumb Code     0  libinit2.o(.ARM.Collect$$libinit$$0000000F)
    __rt_lib_init_lc_ctype_1                 0x000002e3   Thumb Code     0  libinit2.o(.ARM.Collect$$libinit$$00000011)
    __rt_lib_init_lc_monetary_1              0x000002e3   Thumb Code     0  libinit2.o(.ARM.Collect$$libinit$$00000013)
    __rt_lib_init_lc_numeric_1               0x000002e3   Thumb Code     0  libinit2.o(.ARM.Collect$$libinit$$00000015)
    __rt_lib_init_lc_time_1                  0x000002e3   Thumb Code     0  libinit2.o(.ARM.Collect$$libinit$$00000017)
    __rt_lib_init_rand_1                     0x000002e3   Thumb Code     0  libinit2.o(.ARM.Collect$$libinit$$0000000C)
    __rt_lib_init_signal_1                   0x000002e3   Thumb Code     0  libinit2.o(.ARM.Collect$$libinit$$0000001B)
    __rt_lib_init_stdio_1                    0x000002e3   Thumb Code     0  libinit2.o(.ARM.Collect$$libinit$$00000023)
    __rt_lib_init_user_alloc_1               0x000002e3   Thumb Code     0  libinit2.o(.ARM.Collect$$libinit$$0000000A)
    __rt_lib_init_cpp_1                      0x000002e7   Thumb Code     0  libinit2.o(.ARM.Collect$$libinit$$00000030)
    __rt_lib_init_return                     0x000002e7   Thumb Code     0  libinit2.o(.ARM.Collect$$libinit$$00000031)
    __rt_lib_shutdown                        0x000002e9   Thumb Code     0  libshutdown.o(.ARM.Collect$$libshutdown$$00000000)
    __rt_lib_shutdown_fp_trap_1              0x000002eb   Thumb Code     0  libshutdown2.o(.ARM.Collect$$libshutdown$$00000006)
    __rt_lib_shutdown_heap_1                 0x000002eb   Thumb Code     0  libshutdown2.o(.ARM.Collect$$libshutdown$$0000000E)
    __rt_lib_shutdown_return                 0x000002eb   Thumb Code     0  libshutdown2.o(.ARM.Collect$$libshutdown$$0000000F)
    __rt_lib_shutdown_signal_1               0x000002eb   Thumb Code     0  libshutdown2.o(.ARM.Collect$$libshutdown$$00000009)
    __rt_lib_shutdown_stdio_1                0x000002eb   Thumb Code     0  libshutdown2.o(.ARM.Collect$$libshutdown$$00000003)
    __rt_lib_shutdown_user_alloc_1           0x000002eb   Thumb Code     0  libshutdown2.o(.ARM.Collect$$libshutdown$$0000000B)
    __rt_entry                               0x000002ed   Thumb Code     0  rtentry.o(.ARM.Collect$$rtentry$$00000000)
    __rt_entry_presh_1                       0x000002ed   Thumb Code     0  rtentry2.o(.ARM.Collect$$rtentry$$00000002)
    __rt_entry_sh                            0x000002ed   Thumb Code     0  rtentry4.o(.ARM.Collect$$rtentry$$00000004)
    __rt_entry_li                            0x000002f3   Thumb Code     0  rtentry2.o(.ARM.Collect$$rtentry$$0000000A)
    __rt_entry_postsh_1                      0x000002f3   Thumb Code     0  rtentry2.o(.ARM.Collect$$rtentry$$00000009)
    __rt_entry_main                          0x000002f7   Thumb Code     0  rtentry2.o(.ARM.Collect$$rtentry$$0000000D)
    __rt_entry_postli_1                      0x000002f7   Thumb Code     0  rtentry2.o(.ARM.Collect$$rtentry$$0000000C)
    __rt_exit                                0x000002ff   Thumb Code     0  rtexit.o(.ARM.Collect$$rtexit$$00000000)
    __rt_exit_ls                             0x00000301   Thumb Code     0  rtexit2.o(.ARM.Collect$$rtexit$$00000003)
    __rt_exit_prels_1                        0x00000301   Thumb Code     0  rtexit2.o(.ARM.Collect$$rtexit$$00000002)
    __rt_exit_exit                           0x00000305   Thumb Code     0  rtexit2.o(.ARM.Collect$$rtexit$$00000004)
    Reset_Handler                            0x0000030d   Thumb Code     4  startup_tm4c123.o(.text)
    DisableInterrupts                        0x00000311   Thumb Code     4  startup_tm4c123.o(.text)
    EnableInterrupts                         0x00000315   Thumb Code     4  startup_tm4c123.o(.text)
    StartCritical                            0x00000319   Thumb Code     8  startup_tm4c123.o(.text)
    EndCritical                              0x00000321   Thumb Code     6  startup_tm4c123.o(.text)
    WaitForInterrupt                         0x00000327   Thumb Code     4  startup_tm4c123.o(.text)
    NMI_Handler                              0x0000032b   Thumb Code     2  startup_tm4c123.o(.text)
    HardFault_Handler                        0x0000032d   Thumb Code     2  startup_tm4c123.o(.text)
    MemManage_Handler                        0x0000032f   Thumb Code     2  startup_tm4c123.o(.text)
    BusFault_Handler                         0x00000331   Thumb Code     2  startup_tm4c123.o(.text)
    UsageFault_Handler                       0x00000333   Thumb Code     2  startup_tm4c123.o(.text)
    SVC_Handler                              0x00000335   Thumb Code     2  startup_tm4c123.o(.text)
    DebugMon_Handler                         0x00000337   Thumb Code     2  startup_tm4c123.o(.text)
    PendSV_Handler                           0x00000339   Thumb Code     2  startup_tm4c123.o(.text)
    GPIOA_Handler                            0x0000033d   Thumb Code     2  startup_tm4c123.o(.text)
    GPIOB_Handler                            0x0000033f   Thumb Code     2  startup_tm4c123.o(.text)
    GPIOC_Handler                            0x00000341   Thumb Code     2  startup_tm4c123.o(.text)
    GPIOD_Handler                            0x00000343   Thumb Code     2  startup_tm4c123.o(.text)
    GPIOE_Handler                            0x00000345   Thumb Code     2  startup_tm4c123.o(.text)
    UART0_Handler                            0x00000347   Thumb Code     2  startup_tm4c123.o(.text)
    SSI0_Handler                             0x0000034b   Thumb Code     2  startup_tm4c123.o(.text)
    I2C0_Handler                             0x0000034d   Thumb Code     2  startup_tm4c123.o(.text)
    PMW0_FAULT_Handler                       0x0000034f   Thumb Code     2  startup_tm4c123.o(.text)
    PWM0_0_Handler                           0x00000351   Thumb Code     2  startup_tm4c123.o(.text)
    PWM0_1_Handler                           0x00000353   Thumb Code     2  startup_tm4c123.o(.text)
    PWM0_2_Handler                           0x00000355   Thumb Code     2  startup_tm4c123.o(.text)
    QEI0_Handler                             0x00000357   Thumb Code     2  startup_tm4c123.o(.text)
    ADC0SS0_Handler                          0x00000359   Thumb Code     2  startup_tm4c123.o(.text)
    ADC0SS1_Handler                          0x0000035b   Thumb Code     2  startup_tm4c123.o(.text)
    ADC0SS2_Handler                          0x0000035d   Thumb Code     2  startup_tm4c123.o(.text)
    ADC0SS3_Handler                          0x0000035f   Thumb Code     2  startup_tm4c123.o(.text)
    WDT0_Handler                             0x00000361   Thumb Code     2  startup_tm4c123.o(.text)
    TIMER0A_Handler                          0x00000363   Thumb Code     2  startup_tm4c123.o(.text)
    TIMER0B_Handler                          0x00000365   Thumb Code     2  startup_tm4c123.o(.text)
    TIMER1A_Handler                          0x00000367   Thumb Code     2  startup_tm4c123.o(.text)
    TIMER1B_Handler                          0x00000369   Thumb Code     2  startup_tm4c123.o(.text)
    TIMER2A_Handler                          0x0000036b   Thumb Code     2  startup_tm4c123.o(.text)
    TIMER2B_Handler                          0x0000036d   Thumb Code     2  startup_tm4c123.o(.text)
    COMP0_Handler                            0x0000036f   Thumb Code     2  startup_tm4c123.o(.text)
    COMP1_Handler                            0x00000371   Thumb Code     2  startup_tm4c123.o(.text)
    COMP2_Handler                            0x00000373   Thumb Code     2  startup_tm4c123.o(.text)
    SYSCTL_Handler                           0x00000375   Thumb Code     2  startup_tm4c123.o(.text)
    FLASH_Handler                            0x00000377   Thumb Code     2  startup_tm4c123.o(.text)
    GPIOF_Handler                            0x00000379   Thumb Code     2  startup_tm4c123.o(.text)
    GPIOG_Handler                            0x0000037b   Thumb Code     2  startup_tm4c123.o(.text)
    GPIOH_Handler                            0x0000037d   Thumb Code     2  startup_tm4c123.o(.text)
    UART2_Handler                            0x0000037f   Thumb Code     2  startup_tm4c123.o(.text)
    SSI1_Handler                             0x00000381   Thumb Code     2  startup_tm4c123.o(.text)
    TIMER3A_Handler                          0x00000383   Thumb Code     2  startup_tm4c123.o(.text)
    TIMER3B_Handler                          0x00000385   Thumb Code     2  startup_tm4c123.o(.text)
    I2C1_Handler                             0x00000387   Thumb Code     2  startup_tm4c123.o(.text)
    QEI1_Handler                             0x00000389   Thumb Code     2  startup_tm4c123.o(.text)
    CAN0_Handler                             0x0000038b   Thumb Code     2  startup_tm4c123.o(.text)
    CAN1_Handler                             0x0000038d   Thumb Code     2  startup_tm4c123.o(.text)
    CAN2_Handler                             0x0000038f   Thumb Code     2  startup_tm4c123.o(.text)
    HIB_Handler                              0x00000391   Thumb Code     2  startup_tm4c123.o(.text)
    USB0_Handler                             0x00000393   Thumb Code     2  startup_tm4c123.o(.text)
    PWM0_3_Handler                           0x00000395   Thumb Code     2  startup_tm4c123.o(.text)
    UDMA_Handler                             0x00000397   Thumb Code     2  startup_tm4c123.o(.text)
    UDMAERR_Handler                          0x00000399   Thumb Code     2  startup_tm4c123.o(.text)
    ADC1SS0_Handler                          0x0000039b   Thumb Code     2  startup_tm4c123.o(.text)
    ADC1SS1_Handler                          0x0000039d   Thumb Code     2  startup_tm4c123.o(.text)
    ADC1SS2_Handler                          0x0000039f   Thumb Code     2  startup_tm4c123.o(.text)
    ADC1SS3_Handler                          0x000003a1   Thumb Code     2  startup_tm4c123.o(.text)
    GPIOJ_Handler                            0x000003a3   Thumb Code     2  startup_tm4c123.o(.text)
    GPIOK_Handler                            0x000003a5   Thumb Code     2  startup_tm4c123.o(.text)
    GPIOL_Handler                            0x000003a7   Thumb Code     2  startup_tm4c123.o(.text)
    SSI2_Handler                             0x000003a9   Thumb Code     2  startup_tm4c123.o(.text)
    SSI3_Handler                             0x000003ab   Thumb Code     2  startup_tm4c123.o(.text)
    UART3_Handler                            0x000003ad   Thumb Code     2  startup_tm4c123.o(.text)
    UART4_Handler                            0x000003af   Thumb Code     2  startup_tm4c123.o(.text)
    UART5_Handler                            0x000003b1   Thumb Code     2  startup_tm4c123.o(.text)
    UART6_Handler                            0x000003b3   Thumb Code     2  startup_tm4c123.o(.text)
    UART7_Handler                            0x000003b5   Thumb Code     2  startup_tm4c123.o(.text)
    I2C2_Handler                             0x000003b7   Thumb Code     2  startup_tm4c123.o(.text)
    I2C3_Handler                             0x000003b9   Thumb Code     2  startup_tm4c123.o(.text)
    TIMER4A_Handler                          0x000003bb   Thumb Code     2  startup_tm4c123.o(.text)
    TIMER4B_Handler                          0x000003bd   Thumb Code     2  startup_tm4c123.o(.text)
    TIMER5A_Handler                          0x000003bf   Thumb Code     2  startup_tm4c123.o(.text)
    TIMER5B_Handler                          0x000003c1   Thumb Code     2  startup_tm4c123.o(.text)
    WTIMER0A_Handler                         0x000003c3   Thumb Code     2  startup_tm4c123.o(.text)
    WTIMER0B_Handler                         0x000003c5   Thumb Code     2  startup_tm4c123.o(.text)
    WTIMER1A_Handler                         0x000003c7   Thumb Code     2  startup_tm4c123.o(.text)
    WTIMER1B_Handler                         0x000003c9   Thumb Code     2  startup_tm4c123.o(.text)
    WTIMER2A_Handler                         0x000003cb   Thumb Code     2  startup_tm4c123.o(.text)
    WTIMER2B_Handler                         0x000003cd   Thumb Code     2  startup_tm4c123.o(.text)
    WTIMER3A_Handler                         0x000003cf   Thumb Code     2  startup_tm4c123.o(.text)
    WTIMER3B_Handler                         0x000003d1   Thumb Code     2  startup_tm4c123.o(.text)
    WTIMER4A_Handler                         0x000003d3   Thumb Code     2  startup_tm4c123.o(.text)
    WTIMER4B_Handler                         0x000003d5   Thumb Code     2  startup_tm4c123.o(.text)
    WTIMER5A_Handler                         0x000003d7   Thumb Code     2  startup_tm4c123.o(.text)
    WTIMER5B_Handler                         0x000003d9   Thumb Code     2  startup_tm4c123.o(.text)
    FPU_Handler                              0x000003db   Thumb Code     2  startup_tm4c123.o(.text)
    I2C4_Handler                             0x000003dd   Thumb Code     2  startup_tm4c123.o(.text)
    I2C5_Handler                             0x000003df   Thumb Code     2  startup_tm4c123.o(.text)
    GPIOM_Handler                            0x000003e1   Thumb Code     2  startup_tm4c123.o(.text)
    GPION_Handler                            0x000003e3   Thumb Code     2  startup_tm4c123.o(.text)
    QEI2_Handler                             0x000003e5   Thumb Code     2  startup_tm4c123.o(.text)
    GPIOP0_Handler                           0x000003e7   Thumb Code     2  startup_tm4c123.o(.text)
    GPIOP1_Handler                           0x000003e9   Thumb Code     2  startup_tm4c123.o(.text)
    GPIOP2_Handler                           0x000003eb   Thumb Code     2  startup_tm4c123.o(.text)
    GPIOP3_Handler                           0x000003ed   Thumb Code     2  startup_tm4c123.o(.text)
    GPIOP4_Handler                           0x000003ef   Thumb Code     2  startup_tm4c123.o(.text)
    GPIOP5_Handler                           0x000003f1   Thumb Code     2  startup_tm4c123.o(.text)
    GPIOP6_Handler                           0x000003f3   Thumb Code     2  startup_tm4c123.o(.text)
    GPIOP7_Handler                           0x000003f5   Thumb Code     2  startup_tm4c123.o(.text)
    GPIOQ0_Handler                           0x000003f7   Thumb Code     2  startup_tm4c123.o(.text)
    GPIOQ1_Handler                           0x000003f9   Thumb Code     2  startup_tm4c123.o(.text)
    GPIOQ2_Handler                           0x000003fb   Thumb Code     2  startup_tm4c123.o(.text)
    GPIOQ3_Handler                           0x000003fd   Thumb Code     2  startup_tm4c123.o(.text)
    GPIOQ4_Handler                           0x000003ff   Thumb Code     2  startup_tm4c123.o(.text)
    GPIOQ5_Handler                           0x00000401   Thumb Code     2  startup_tm4c123.o(.text)
    GPIOQ6_Handler                           0x00000403   Thumb Code     2  startup_tm4c123.o(.text)
    GPIOQ7_Handler                           0x00000405   Thumb Code     2  startup_tm4c123.o(.text)
    GPIOR_Handler                            0x00000407   Thumb Code     2  startup_tm4c123.o(.text)
    GPIOS_Handler                            0x00000409   Thumb Code     2  startup_tm4c123.o(.text)
    PMW1_0_Handler                           0x0000040b   Thumb Code     2  startup_tm4c123.o(.text)
    PWM1_1_Handler                           0x0000040d   Thumb Code     2  startup_tm4c123.o(.text)
    PWM1_2_Handler                           0x0000040f   Thumb Code     2  startup_tm4c123.o(.text)
    PWM1_3_Handler                           0x00000411   Thumb Code     2  startup_tm4c123.o(.text)
    PWM1_FAULT_Handler                       0x00000413   Thumb Code     2  startup_tm4c123.o(.text)
    __user_initial_stackheap                 0x00000415   Thumb Code     0  startup_tm4c123.o(.text)
    SysTick_Init(unsigned long)              0x00000435   Thumb Code    42  main.o(.text)
    PortF_Init()                             0x0000045f   Thumb Code    68  main.o(.text)
    main                                     0x000004a3   Thumb Code    42  main.o(.text)
    SysTick_Handler                          0x000004cd   Thumb Code   194  main.o(.text)
    PLL_Init(unsigned)                       0x000005c5   Thumb Code   118  pll.o(.text)
    Delay1ms(unsigned)                       0x0000069f   Thumb Code    32  st7735.o(.text)
    ST7735_FillRect(short, short, short, short, unsigned short) 0x000008d3   Thumb Code   168  st7735.o(.text)
    ST7735_FillScreen(unsigned short)        0x0000097b   Thumb Code    28  st7735.o(.text)
    ST7735_SetCursor(unsigned, unsigned)     0x00000997   Thumb Code    22  st7735.o(.text)
    ST7735_InitB()                           0x000009ad   Thumb Code    32  st7735.o(.text)
    ST7735_InitR(initRFlags)                 0x000009cd   Thumb Code   188  st7735.o(.text)
    ST7735_DrawPixel(short, short, unsigned short) 0x00000a9b   Thumb Code    68  st7735.o(.text)
    ST7735_DrawFastVLine(short, short, short, unsigned short) 0x00000adf   Thumb Code   120  st7735.o(.text)
    ST7735_DrawFastHLine(short, short, short, unsigned short) 0x00000b57   Thumb Code   120  st7735.o(.text)
    ST7735_DrawSmallCircle(short, short, unsigned short) 0x00000bcf   Thumb Code   158  st7735.o(.text)
    ST7735_DrawCircle(short, short, unsigned short) 0x00000c6d   Thumb Code   158  st7735.o(.text)
    ST7735_Color565(unsigned char, unsigned char, unsigned char) 0x00000d0b   Thumb Code    24  st7735.o(.text)
    ST7735_SwapColor(unsigned short)         0x00000d23   Thumb Code    18  st7735.o(.text)
    ST7735_DrawBitmap(short, short, const unsigned short*, short, short) 0x00000d35   Thumb Code   284  st7735.o(.text)
    ST7735_DrawCharS(short, short, char, short, short, unsigned char) 0x00000e51   Thumb Code   248  st7735.o(.text)
    ST7735_DrawChar(short, short, char, short, short, unsigned char) 0x00000f49   Thumb Code   260  st7735.o(.text)
    ST7735_DrawString(unsigned short, unsigned short, char*, short) 0x0000104d   Thumb Code    84  st7735.o(.text)
    fillmessage(unsigned)                    0x000010a1   Thumb Code    64  st7735.o(.text)
    ST7735_OutUDec(unsigned)                 0x000010e1   Thumb Code   118  st7735.o(.text)
    ST7735_SetRotation(unsigned char)        0x00001157   Thumb Code   200  st7735.o(.text)
    ST7735_InvertDisplay(int)                0x0000121f   Thumb Code    26  st7735.o(.text)
    ST7735_PlotClear(int, int)               0x00001239   Thumb Code    74  st7735.o(.text)
    ST7735_PlotPoint(int)                    0x00001283   Thumb Code   194  st7735.o(.text)
    ST7735_PlotLine(int)                     0x00001345   Thumb Code   242  st7735.o(.text)
    ST7735_PlotPoints(int, int)              0x00001437   Thumb Code   154  st7735.o(.text)
    ST7735_PlotBar(int)                      0x000014d1   Thumb Code    72  st7735.o(.text)
    ST7735_PlotdBfs(int)                     0x00001519   Thumb Code    52  st7735.o(.text)
    ST7735_PlotNext()                        0x0000154d   Thumb Code    28  st7735.o(.text)
    ST7735_PlotNextErase()                   0x00001569   Thumb Code    58  st7735.o(.text)
    ST7735_OutChar                           0x000015a3   Thumb Code   176  st7735.o(.text)
    ST7735_OutString                         0x00001653   Thumb Code    22  st7735.o(.text)
    ST7735_SetTextColor(unsigned short)      0x00001669   Thumb Code     6  st7735.o(.text)
    Output_Init()                            0x0000166f   Thumb Code    16  st7735.o(.text)
    Output_Clear()                           0x0000167f   Thumb Code    10  st7735.o(.text)
    Output_Off()                             0x00001689   Thumb Code     8  st7735.o(.text)
    Output_On()                              0x00001691   Thumb Code     8  st7735.o(.text)
    Output_Color(unsigned)                   0x00001699   Thumb Code    12  st7735.o(.text)
    ADC_Init()                               0x000016e1   Thumb Code   202  slidepot.o(.text)
    ADC_In()                                 0x000017ab   Thumb Code    36  slidepot.o(.text)
    SlidePot::SlidePot(unsigned, unsigned)   0x000017cf   Thumb Code    14  slidepot.o(.text)
    SlidePot::SlidePot__sub_object(unsigned, unsigned) 0x000017cf   Thumb Code     0  slidepot.o(.text)
    SlidePot::Convert(unsigned)              0x000017dd   Thumb Code    30  slidepot.o(.text)
    SlidePot::Save(unsigned)                 0x000017fb   Thumb Code    24  slidepot.o(.text)
    SlidePot::Sync()                         0x00001813   Thumb Code    14  slidepot.o(.text)
    SlidePot::ADCsample()                    0x00001821   Thumb Code     6  slidepot.o(.text)
    SlidePot::Distance()                     0x00001827   Thumb Code     6  slidepot.o(.text)
    Queue::Queue()                           0x0000184d   Thumb Code     8  fifo.o(.text)
    Queue::Queue__sub_object()               0x0000184d   Thumb Code     0  fifo.o(.text)
    Queue::IsEmpty()                         0x00001855   Thumb Code    18  fifo.o(.text)
    Queue::IsFull()                          0x00001867   Thumb Code    32  fifo.o(.text)
    Queue::Put(char)                         0x00001887   Thumb Code    44  fifo.o(.text)
    Queue::Get(char*)                        0x000018b3   Thumb Code    46  fifo.o(.text)
    Queue::Print()                           0x000018e1   Thumb Code     2  fifo.o(.text)
    UART_Init()                              0x000018e5   Thumb Code   164  uart.o(.text)
    UART_InChar()                            0x00001989   Thumb Code    22  uart.o(.text)
    UART_InStatus()                          0x0000199f   Thumb Code     4  uart.o(.text)
    UART_OutChar(char)                       0x000019a3   Thumb Code    18  uart.o(.text)
    UART1_Handler                            0x000019b5   Thumb Code    80  uart.o(.text)
    UART_OutString(char*)                    0x00001a05   Thumb Code    22  uart.o(.text)
    UART_OutUDec(unsigned)                   0x00001a1b   Thumb Code    42  uart.o(.text)
    UART_InMessage(char*)                    0x00001a45   Thumb Code    84  uart.o(.text)
    __aeabi_memcpy4                          0x00001ac5   Thumb Code     0  rt_memcpy_w.o(.text)
    __aeabi_memcpy8                          0x00001ac5   Thumb Code     0  rt_memcpy_w.o(.text)
    __rt_memcpy_w                            0x00001ac5   Thumb Code   100  rt_memcpy_w.o(.text)
    _memcpy_lastbytes_aligned                0x00001b0d   Thumb Code     0  rt_memcpy_w.o(.text)
    __use_two_region_memory                  0x00001b29   Thumb Code     2  heapauxi.o(.text)
    __rt_heap_escrow$2region                 0x00001b2b   Thumb Code     2  heapauxi.o(.text)
    __rt_heap_expand$2region                 0x00001b2d   Thumb Code     2  heapauxi.o(.text)
    __cpp_initialize__aeabi_                 0x00001b31   Thumb Code    26  init_aeabi.o(.text)
    __user_setup_stackheap                   0x00001b55   Thumb Code    74  sys_stackheap_outer.o(.text)
    exit                                     0x00001b9f   Thumb Code    12  exit.o(.text)
    __user_libspace                          0x00001bad   Thumb Code     8  libspace.o(.text)
    __user_perproc_libspace                  0x00001bad   Thumb Code     0  libspace.o(.text)
    __user_perthread_libspace                0x00001bad   Thumb Code     0  libspace.o(.text)
    __I$use$semihosting                      0x00001bb5   Thumb Code     0  use_no_semi.o(.text)
    __use_no_semihosting_swi                 0x00001bb5   Thumb Code     2  use_no_semi.o(.text)
    __semihosting_library_function           0x00001bb7   Thumb Code     0  indicate_semi.o(.text)
    _sys_exit                                0x00001bb9   Thumb Code     8  sys_exit.o(.text)
    Region$$Table$$Base                      0x00002408   Number         0  anon$$obj.o(Region$$Table)
    Region$$Table$$Limit                     0x00002428   Number         0  anon$$obj.o(Region$$Table)
    SHT$$INIT_ARRAY$$Base                    0x00002428   Number         0  main.o(.init_array)
    SHT$$INIT_ARRAY$$Limit                   0x00002430   Number         0  uart.o(.init_array)
    TxCounter                                0x20000000   Data           4  main.o(.data)
    StX                                      0x20000004   Data           4  st7735.o(.data)
    StY                                      0x20000008   Data           4  st7735.o(.data)
    StTextColor                              0x2000000c   Data           2  st7735.o(.data)
    lastj                                    0x20000014   Data           4  st7735.o(.data)
    Messageindex                             0x2000001c   Data           4  st7735.o(.data)
    Ymax                                     0x20000020   Data           4  st7735.o(.data)
    Ymin                                     0x20000024   Data           4  st7735.o(.data)
    X                                        0x20000028   Data           4  st7735.o(.data)
    Yrange                                   0x2000002c   Data           4  st7735.o(.data)
    RxCounter                                0x20000030   Data           4  uart.o(.data)
    count                                    0x20000034   Data           4  uart.o(.data)
    my                                       0x20000038   Data          20  main.o(.bss)
    Message                                  0x2000004c   Data          12  st7735.o(.bss)
    RxFifo                                   0x20000058   Data          40  uart.o(.bss)
    __libspace_start                         0x20000080   Data          96  libspace.o(.bss)
    __temporary_stack_top$libspace           0x200000e0   Data           0  libspace.o(.bss)



==============================================================================

Memory Map of the image

  Image Entry point : 0x0000026d

  Load Region LR_IROM1 (Base: 0x00000000, Size: 0x00002468, Max: 0x00040000, ABSOLUTE)

    Execution Region ER_IROM1 (Base: 0x00000000, Size: 0x00002430, Max: 0x00040000, ABSOLUTE)

    Base Addr    Size         Type   Attr      Idx    E Section Name        Object

    0x00000000   0x0000026c   Data   RO            3    RESET               startup_tm4c123.o
    0x0000026c   0x00000008   Code   RO          140  * !!!main             c_w.l(__main.o)
    0x00000274   0x00000034   Code   RO          300    !!!scatter          c_w.l(__scatter.o)
    0x000002a8   0x0000001a   Code   RO          302    !!handler_copy      c_w.l(__scatter_copy.o)
    0x000002c2   0x00000002   PAD
    0x000002c4   0x0000001c   Code   RO          304    !!handler_zi        c_w.l(__scatter_zi.o)
    0x000002e0   0x00000002   Code   RO          224    .ARM.Collect$$libinit$$00000000  c_w.l(libinit.o)
    0x000002e2   0x00000000   Code   RO          150    .ARM.Collect$$libinit$$00000002  c_w.l(libinit2.o)
    0x000002e2   0x00000000   Code   RO          153    .ARM.Collect$$libinit$$00000008  c_w.l(libinit2.o)
    0x000002e2   0x00000000   Code   RO          155    .ARM.Collect$$libinit$$0000000A  c_w.l(libinit2.o)
    0x000002e2   0x00000000   Code   RO          157    .ARM.Collect$$libinit$$0000000C  c_w.l(libinit2.o)
    0x000002e2   0x00000000   Code   RO          160    .ARM.Collect$$libinit$$0000000F  c_w.l(libinit2.o)
    0x000002e2   0x00000000   Code   RO          162    .ARM.Collect$$libinit$$00000011  c_w.l(libinit2.o)
    0x000002e2   0x00000000   Code   RO          164    .ARM.Collect$$libinit$$00000013  c_w.l(libinit2.o)
    0x000002e2   0x00000000   Code   RO          166    .ARM.Collect$$libinit$$00000015  c_w.l(libinit2.o)
    0x000002e2   0x00000000   Code   RO          168    .ARM.Collect$$libinit$$00000017  c_w.l(libinit2.o)
    0x000002e2   0x00000000   Code   RO          170    .ARM.Collect$$libinit$$00000019  c_w.l(libinit2.o)
    0x000002e2   0x00000000   Code   RO          172    .ARM.Collect$$libinit$$0000001B  c_w.l(libinit2.o)
    0x000002e2   0x00000000   Code   RO          174    .ARM.Collect$$libinit$$0000001D  c_w.l(libinit2.o)
    0x000002e2   0x00000000   Code   RO          176    .ARM.Collect$$libinit$$0000001F  c_w.l(libinit2.o)
    0x000002e2   0x00000000   Code   RO          178    .ARM.Collect$$libinit$$00000021  c_w.l(libinit2.o)
    0x000002e2   0x00000000   Code   RO          180    .ARM.Collect$$libinit$$00000023  c_w.l(libinit2.o)
    0x000002e2   0x00000000   Code   RO          184    .ARM.Collect$$libinit$$0000002A  c_w.l(libinit2.o)
    0x000002e2   0x00000000   Code   RO          186    .ARM.Collect$$libinit$$0000002C  c_w.l(libinit2.o)
    0x000002e2   0x00000000   Code   RO          188    .ARM.Collect$$libinit$$0000002E  c_w.l(libinit2.o)
    0x000002e2   0x00000004   Code   RO          189    .ARM.Collect$$libinit$$0000002F  c_w.l(libinit2.o)
    0x000002e6   0x00000000   Code   RO          190    .ARM.Collect$$libinit$$00000030  c_w.l(libinit2.o)
    0x000002e6   0x00000002   Code   RO          191    .ARM.Collect$$libinit$$00000031  c_w.l(libinit2.o)
    0x000002e8   0x00000002   Code   RO          262    .ARM.Collect$$libshutdown$$00000000  c_w.l(libshutdown.o)
    0x000002ea   0x00000000   Code   RO          269    .ARM.Collect$$libshutdown$$00000003  c_w.l(libshutdown2.o)
    0x000002ea   0x00000000   Code   RO          272    .ARM.Collect$$libshutdown$$00000006  c_w.l(libshutdown2.o)
    0x000002ea   0x00000000   Code   RO          275    .ARM.Collect$$libshutdown$$00000009  c_w.l(libshutdown2.o)
    0x000002ea   0x00000000   Code   RO          277    .ARM.Collect$$libshutdown$$0000000B  c_w.l(libshutdown2.o)
    0x000002ea   0x00000000   Code   RO          280    .ARM.Collect$$libshutdown$$0000000E  c_w.l(libshutdown2.o)
    0x000002ea   0x00000002   Code   RO          281    .ARM.Collect$$libshutdown$$0000000F  c_w.l(libshutdown2.o)
    0x000002ec   0x00000000   Code   RO          148    .ARM.Collect$$rtentry$$00000000  c_w.l(rtentry.o)
    0x000002ec   0x00000000   Code   RO          193    .ARM.Collect$$rtentry$$00000002  c_w.l(rtentry2.o)
    0x000002ec   0x00000006   Code   RO          205    .ARM.Collect$$rtentry$$00000004  c_w.l(rtentry4.o)
    0x000002f2   0x00000000   Code   RO          195    .ARM.Collect$$rtentry$$00000009  c_w.l(rtentry2.o)
    0x000002f2   0x00000004   Code   RO          196    .ARM.Collect$$rtentry$$0000000A  c_w.l(rtentry2.o)
    0x000002f6   0x00000000   Code   RO          198    .ARM.Collect$$rtentry$$0000000C  c_w.l(rtentry2.o)
    0x000002f6   0x00000008   Code   RO          199    .ARM.Collect$$rtentry$$0000000D  c_w.l(rtentry2.o)
    0x000002fe   0x00000002   Code   RO          230    .ARM.Collect$$rtexit$$00000000  c_w.l(rtexit.o)
    0x00000300   0x00000000   Code   RO          242    .ARM.Collect$$rtexit$$00000002  c_w.l(rtexit2.o)
    0x00000300   0x00000004   Code   RO          243    .ARM.Collect$$rtexit$$00000003  c_w.l(rtexit2.o)
    0x00000304   0x00000006   Code   RO          244    .ARM.Collect$$rtexit$$00000004  c_w.l(rtexit2.o)
    0x0000030a   0x00000002   PAD
    0x0000030c   0x00000128   Code   RO            4    .text               startup_tm4c123.o
    0x00000434   0x00000190   Code   RO           10    .text               main.o
    0x000005c4   0x0000007c   Code   RO           53    .text               pll.o
    0x00000640   0x000010a0   Code   RO           69    .text               st7735.o
    0x000016e0   0x0000016c   Code   RO           87    .text               slidepot.o
    0x0000184c   0x00000096   Code   RO          104    .text               fifo.o
    0x000018e2   0x00000002   PAD
    0x000018e4   0x000001e0   Code   RO          116    .text               uart.o
    0x00001ac4   0x00000064   Code   RO          136    .text               c_w.l(rt_memcpy_w.o)
    0x00001b28   0x00000006   Code   RO          138    .text               c_w.l(heapauxi.o)
    0x00001b2e   0x00000002   PAD
    0x00001b30   0x00000024   Code   RO          145    .text               c_w.l(init_aeabi.o)
    0x00001b54   0x0000004a   Code   RO          211    .text               c_w.l(sys_stackheap_outer.o)
    0x00001b9e   0x0000000c   Code   RO          213    .text               c_w.l(exit.o)
    0x00001baa   0x00000002   PAD
    0x00001bac   0x00000008   Code   RO          227    .text               c_w.l(libspace.o)
    0x00001bb4   0x00000002   Code   RO          238    .text               c_w.l(use_no_semi.o)
    0x00001bb6   0x00000000   Code   RO          240    .text               c_w.l(indicate_semi.o)
    0x00001bb6   0x00000002   PAD
    0x00001bb8   0x0000000c   Code   RO          254    .text               c_w.l(sys_exit.o)
    0x00001bc4   0x00000842   Data   RO           72    .constdata          st7735.o
    0x00002406   0x00000002   PAD
    0x00002408   0x00000020   Data   RO          298    Region$$Table       anon$$obj.o
    0x00002428   0x00000004   Data   RO           14    .init_array         main.o
    0x0000242c   0x00000004   Data   RO          120    .init_array         uart.o


    Execution Region RW_IRAM1 (Base: 0x20000000, Size: 0x000006e0, Max: 0x00008000, ABSOLUTE)

    Base Addr    Size         Type   Attr      Idx    E Section Name        Object

    0x20000000   0x00000004   Data   RW           13    .data               main.o
    0x20000004   0x0000002c   Data   RW           73    .data               st7735.o
    0x20000030   0x00000008   Data   RW          119    .data               uart.o
    0x20000038   0x00000014   Zero   RW           12    .bss                main.o
    0x2000004c   0x0000000c   Zero   RW           71    .bss                st7735.o
    0x20000058   0x00000028   Zero   RW          118    .bss                uart.o
    0x20000080   0x00000060   Zero   RW          228    .bss                c_w.l(libspace.o)
    0x200000e0   0x00000200   Zero   RW            2    HEAP                startup_tm4c123.o
    0x200002e0   0x00000400   Zero   RW            1    STACK               startup_tm4c123.o


==============================================================================

Image component sizes


      Code (inc. data)   RO Data    RW Data    ZI Data      Debug   Object Name

       150          0          0          0          0       1384   fifo.o
       400         38          4          4         20       6694   main.o
       124          6          0          0          0        403   pll.o
       364         32          0          0          0       1958   slidepot.o
      4256        230       2114         44         12      15584   st7735.o
       296         22        620          0       1536       5540   startup_tm4c123.o
       480         34          4          8         40       2005   uart.o

    ----------------------------------------------------------------------
      6072        362       2776         56       1608      33568   Object Totals
         0          0         32          0          0          0   (incl. Generated)
         2          0          2          0          0          0   (incl. Padding)

    ----------------------------------------------------------------------

      Code (inc. data)   RO Data    RW Data    ZI Data      Debug   Library Member Name

         8          0          0          0          0         68   __main.o
        52          8          0          0          0          0   __scatter.o
        26          0          0          0          0          0   __scatter_copy.o
        28          0          0          0          0          0   __scatter_zi.o
        12          0          0          0          0         72   exit.o
         6          0          0          0          0        152   heapauxi.o
         0          0          0          0          0          0   indicate_semi.o
        36         10          0          0          0         80   init_aeabi.o
         2          0          0          0          0          0   libinit.o
         6          0          0          0          0          0   libinit2.o
         2          0          0          0          0          0   libshutdown.o
         2          0          0          0          0          0   libshutdown2.o
         8          4          0          0         96         68   libspace.o
       100          0          0          0          0         80   rt_memcpy_w.o
         0          0          0          0          0          0   rtentry.o
        12          0          0          0          0          0   rtentry2.o
         6          0          0          0          0          0   rtentry4.o
         2          0          0          0          0          0   rtexit.o
        10          0          0          0          0          0   rtexit2.o
        12          4          0          0          0         68   sys_exit.o
        74          0          0          0          0         80   sys_stackheap_outer.o
         2          0          0          0          0         68   use_no_semi.o

    ----------------------------------------------------------------------
       416         26          0          0         96        736   Library Totals
        10          0          0          0          0          0   (incl. Padding)

    ----------------------------------------------------------------------

      Code (inc. data)   RO Data    RW Data    ZI Data      Debug   Library Name

       406         26          0          0         96        736   c_w.l

    ----------------------------------------------------------------------
       416         26          0          0         96        736   Library Totals

    ----------------------------------------------------------------------

==============================================================================


      Code (inc. data)   RO Data    RW Data    ZI Data      Debug   

      6488        388       2776         56       1704      33056   Grand Totals
      6488        388       2776         56       1704      33056   ELF Image Totals
      6488        388       2776         56          0          0   ROM Totals

==============================================================================

    Total RO  Size (Code + RO Data)                 9264 (   9.05kB)
    Total RW  Size (RW Data + ZI Data)              1760 (   1.72kB)
    Total ROM Size (Code + RO Data + RW Data)       9320 (   9.10kB)

==============================================================================

